

matrix division test cases

>>> matrix_divided = __import__('2-matrix_divided').matrix_divided

case 1:

>>> matrix_divided([[1,2,3], [4,6,8]], 2)
[[0.5, 1.0, 1.5], [2.0, 3.0, 4.0]]

case 2:

>>> matrix_divided(["name", [1,2,3]], 12)
Traceback (most recent call last):
    ...
TypeError: matrix must be a matrix (list of lists) of integers/floats

case 3:

>>> matrix_divided([[1,2], [1,2]], '2')
Traceback (most recent call last):
    ...
TypeError: div must be a number

case 4:

>>> matrix_divided([[1,2], [1,2,3]], 2)
Traceback (most recent call last):
    ...
TypeError: Each row of the matrix must have the same size

case 5:

>>> matrix_divided([[1,2,3], [1,4,8]], 0)
Traceback (most recent call last):
    ...
ZeroDivisionError: division by zero
